// Jest Snapshot v1, https://goo.gl/fbAQLP

exports[`<VerticalStepper /> with all sub-components matches with snapshot 1`] = `
.c4 {
  -webkit-flex-shrink: 0;
  -ms-flex-negative: 0;
  flex-shrink: 0;
  display: -webkit-box;
  display: -webkit-flex;
  display: -ms-flexbox;
  display: flex;
  -webkit-align-items: center;
  -webkit-box-align: center;
  -ms-flex-align: center;
  align-items: center;
  -webkit-box-pack: center;
  -webkit-justify-content: center;
  -ms-flex-pack: center;
  justify-content: center;
  width: 1.875rem;
  height: 1.875rem;
  border-radius: 1.875rem;
  box-sizing: border-box;
  margin-right: 0.9375rem;
  background-color: #fff;
  border: 2px solid #eee;
  font-family: Maax,Helvetica,Arial,sans-serif;
  font-weight: 500;
  font-size: 0.875rem;
  background-color: #61d079;
  border-color: #61d079;
}

.c9 {
  -webkit-flex-shrink: 0;
  -ms-flex-negative: 0;
  flex-shrink: 0;
  display: -webkit-box;
  display: -webkit-flex;
  display: -ms-flexbox;
  display: flex;
  -webkit-align-items: center;
  -webkit-box-align: center;
  -ms-flex-align: center;
  align-items: center;
  -webkit-box-pack: center;
  -webkit-justify-content: center;
  -ms-flex-pack: center;
  justify-content: center;
  width: 1.875rem;
  height: 1.875rem;
  border-radius: 1.875rem;
  box-sizing: border-box;
  margin-right: 0.9375rem;
  background-color: #fff;
  border: 2px solid #eee;
  font-family: Maax,Helvetica,Arial,sans-serif;
  font-weight: 500;
  font-size: 0.875rem;
  background-color: #19b4fa;
  border-color: #19b4fa;
}

.c12 {
  -webkit-flex-shrink: 0;
  -ms-flex-negative: 0;
  flex-shrink: 0;
  display: -webkit-box;
  display: -webkit-flex;
  display: -ms-flexbox;
  display: flex;
  -webkit-align-items: center;
  -webkit-box-align: center;
  -ms-flex-align: center;
  align-items: center;
  -webkit-box-pack: center;
  -webkit-justify-content: center;
  -ms-flex-pack: center;
  justify-content: center;
  width: 1.875rem;
  height: 1.875rem;
  border-radius: 1.875rem;
  box-sizing: border-box;
  margin-right: 0.9375rem;
  background-color: #fff;
  border: 2px solid #eee;
  font-family: Maax,Helvetica,Arial,sans-serif;
  font-weight: 500;
  font-size: 0.875rem;
  color: #ff0046;
  border-color: #ffb2c7;
}

.c13 {
  -webkit-flex-shrink: 0;
  -ms-flex-negative: 0;
  flex-shrink: 0;
  display: -webkit-box;
  display: -webkit-flex;
  display: -ms-flexbox;
  display: flex;
  -webkit-align-items: center;
  -webkit-box-align: center;
  -ms-flex-align: center;
  align-items: center;
  -webkit-box-pack: center;
  -webkit-justify-content: center;
  -ms-flex-pack: center;
  justify-content: center;
  width: 1.875rem;
  height: 1.875rem;
  border-radius: 1.875rem;
  box-sizing: border-box;
  margin-right: 0.9375rem;
  background-color: #fff;
  border: 2px solid #eee;
  font-family: Maax,Helvetica,Arial,sans-serif;
  font-weight: 500;
  font-size: 0.875rem;
  color: #19b4fa;
  border-color: #bae8fd;
}

.c14 {
  -webkit-flex-shrink: 0;
  -ms-flex-negative: 0;
  flex-shrink: 0;
  display: -webkit-box;
  display: -webkit-flex;
  display: -ms-flexbox;
  display: flex;
  -webkit-align-items: center;
  -webkit-box-align: center;
  -ms-flex-align: center;
  align-items: center;
  -webkit-box-pack: center;
  -webkit-justify-content: center;
  -ms-flex-pack: center;
  justify-content: center;
  width: 1.875rem;
  height: 1.875rem;
  border-radius: 1.875rem;
  box-sizing: border-box;
  margin-right: 0.9375rem;
  background-color: #fff;
  border: 2px solid #eee;
  font-family: Maax,Helvetica,Arial,sans-serif;
  font-weight: 500;
  font-size: 0.875rem;
}

.c2 {
  margin: 1.875rem 0;
}

.c3 {
  display: -webkit-inline-box;
  display: -webkit-inline-flex;
  display: -ms-inline-flexbox;
  display: inline-flex;
  cursor: pointer;
  -webkit-text-decoration: none;
  text-decoration: none;
}

.c3 .VerticalStepper__step {
  -webkit-transition: -webkit-transform 0.4s;
  -webkit-transition: transform 0.4s;
  transition: transform 0.4s;
}

.c3 .VerticalStepper__link {
  -webkit-transition: color 0.4s;
  transition: color 0.4s;
}

.c3:hover .VerticalStepper__step,
.c3:focus .VerticalStepper__step,
.c3:active .VerticalStepper__step {
  -webkit-transform: translateX(0.3125rem);
  -ms-transform: translateX(0.3125rem);
  transform: translateX(0.3125rem);
}

.c3:hover .VerticalStepper__link,
.c3:focus .VerticalStepper__link,
.c3:active .VerticalStepper__link {
  color: #0496cc;
}

.c5 {
  display: -webkit-box;
  display: -webkit-flex;
  display: -ms-flexbox;
  display: flex;
  -webkit-flex-direction: column;
  -ms-flex-direction: column;
  flex-direction: column;
  -webkit-box-pack: center;
  -webkit-justify-content: center;
  -ms-flex-pack: center;
  justify-content: center;
  -webkit-flex: 1;
  -ms-flex: 1;
  flex: 1;
  color: #222;
}

.c6 {
  margin: 0 0 0.125rem;
  font-family: Maax,Helvetica,Arial,sans-serif;
  font-weight: 500;
  font-size: 1rem;
  line-height: normal;
}

.c7 {
  margin: 0;
  padding: 0;
  line-height: 1;
}

.c8 {
  font-family: Maax,Helvetica,Arial,sans-serif;
  font-weight: 500;
  font-size: 0.75rem;
  line-height: normal;
  color: #19b4fa;
  -webkit-text-decoration: none;
  text-decoration: none;
}

.c10 {
  margin: 0.3125rem 0 0.625rem;
  padding: 0;
  font-family: Maax,Helvetica,Arial,sans-serif;
  font-weight: 400;
  font-size: 0.75rem;
  line-height: normal;
}

.c11 {
  display: -webkit-box;
  display: -webkit-flex;
  display: -ms-flexbox;
  display: flex;
  -webkit-align-items: baseline;
  -webkit-box-align: baseline;
  -ms-flex-align: baseline;
  align-items: baseline;
  margin: 0 0 0.125rem;
  padding: 0;
  list-style: none;
}

.c11:before {
  padding-right: 0.625rem;
  content: '●';
  font-size: 0.5rem;
}

.c0 {
  position: relative;
  padding: 1px 0;
}

.c1 {
  margin: 0;
  padding: 0;
  list-style: none;
}

.c1:before {
  position: absolute;
  top: 0;
  bottom: 0;
  left: 0.875rem;
  z-index: -1;
  content: '';
  border-left: 2px dashed #eee;
}

<nav
  className="c0"
>
  <ul
    className="c1"
    role="tablist"
  >
    <li
      className="c2"
    >
      <a
        className="c3"
        href="#"
      >
        <span
          className="c4"
          disabled={false}
        >
          <svg
            fill="#fff"
            viewBox="0 0 11 8"
            width="10"
            xmlns="http://www.w3.org/2000/svg"
          >
            <path
              d="M4.44 7.596L3.024 6.182 8.682.525l1.414 1.414z"
            />
            <path
              d="M4.44 7.596L.903 4.06l1.414-1.414 3.536 3.536z"
            />
          </svg>
        </span>
        <div
          className="VerticalStepper__step c5"
          disabled={false}
        >
          <p
            className="c6"
          >
            Title
          </p>
          <p
            className="c7"
          >
            <span
              className="VerticalStepper__link c8"
            >
              Link
            </span>
          </p>
        </div>
      </a>
    </li>
    <li
      className="c2"
    >
      <a
        className="c3"
        href="#"
      >
        <span
          className="c9"
          disabled={false}
        >
          <svg
            fill="#fff"
            viewBox="0 0 11 8"
            width="10"
            xmlns="http://www.w3.org/2000/svg"
          >
            <path
              d="M4.44 7.596L3.024 6.182 8.682.525l1.414 1.414z"
            />
            <path
              d="M4.44 7.596L.903 4.06l1.414-1.414 3.536 3.536z"
            />
          </svg>
        </span>
        <div
          className="VerticalStepper__step c5"
          disabled={false}
        >
          <p
            className="c6"
          >
            Title
          </p>
          <ul
            className="c10"
          >
            <li
              className="c11"
            >
              Item
            </li>
            <li
              className="c11"
            >
              Item
            </li>
            <li
              className="c11"
            >
              …
            </li>
          </ul>
          <p
            className="c7"
          >
            <span
              className="VerticalStepper__link c8"
            >
              Link
            </span>
          </p>
        </div>
      </a>
    </li>
    <li
      className="c2"
    >
      <a
        className="c3"
        href="#"
      >
        <span
          className="c12"
          disabled={false}
        >
          <svg
            height="10"
            width="2"
            xmlns="http://www.w3.org/2000/svg"
          >
            <path
              d="M1.82 6.86H.168V0H1.82v6.86zM0 8.96c0-.28.098-.518.294-.714a.972.972 0 0 1 .714-.294c.28 0 .518.098.714.294a.972.972 0 0 1 .294.714c0 .27-.098.504-.294.7a.972.972 0 0 1-.714.294.972.972 0 0 1-.714-.294.956.956 0 0 1-.294-.7z"
              fill="#ff0046"
              fill-rule="evenodd"
            />
          </svg>
        </span>
        <div
          className="VerticalStepper__step c5"
          disabled={false}
        >
          <p
            className="c6"
          >
            Title
          </p>
          <ul
            className="c10"
          >
            <li
              className="c11"
            >
              Item
            </li>
            <li
              className="c11"
            >
              Item
            </li>
          </ul>
          <p
            className="c7"
          >
            <span
              className="VerticalStepper__link c8"
            >
              Link
            </span>
          </p>
        </div>
      </a>
    </li>
    <li
      className="c2"
    >
      <a
        className="c3"
        href="#"
      >
        <span
          className="c13"
          disabled={false}
        >
          <svg
            height="4"
            viewBox="0 0 13 3"
            width="13"
            xmlns="http://www.w3.org/2000/svg"
          >
            <path
              d="M5 0h3v3H5V0zM0 0h3v3H0V0zm10 0h3v3h-3V0z"
              fill="#19b4fa"
              fillRule="nonzero"
            />
          </svg>
        </span>
        <div
          className="VerticalStepper__step c5"
          disabled={false}
        >
          <p
            className="c6"
          >
            Title
          </p>
          <p
            className="c7"
          >
            <span
              className="VerticalStepper__link c8"
            >
              Link
            </span>
          </p>
        </div>
      </a>
    </li>
    <li
      className="c2"
    >
      <a
        className="c3"
        href="#"
      >
        <span
          className="c14"
          disabled={false}
        />
        <div
          className="VerticalStepper__step c5"
          disabled={false}
        >
          <p
            className="c6"
          >
            Title
          </p>
          <p
            className="c7"
          >
            <span
              className="VerticalStepper__link c8"
            >
              Link
            </span>
          </p>
        </div>
      </a>
    </li>
  </ul>
</nav>
`;
