// Jest Snapshot v1, https://goo.gl/fbAQLP

exports[`<DonationCard /> by default matches with snapshot 1`] = `
<div
  data-radium={true}
  style={
    Object {
      "borderColor": "#eee",
      "borderStyle": "solid",
      "borderWidth": 2,
    }
  }
>
  <div
    style={
      Object {
        "marginBottom": "2.5rem",
        "marginTop": "2.5rem",
      }
    }
  >
    <div
      className="k-Grid"
      style={
        Object {
          "paddingLeft": 20,
          "paddingRight": 20,
        }
      }
    >
      <div
        className="k-Grid__col--12 k-Grid__col--10@m k-Grid__col--offset-1@m k-Grid__col--8@l k-Grid__col--offset-2@l"
      >
        <div
          style={
            Object {
              "marginBottom": "1.25rem",
              "marginTop": null,
            }
          }
        >
          <h2
            className="k-Title k-Title--quaternary k-Title--withoutMargin"
            style={
              Object {
                "color": "#222",
                "textAlign": "center",
              }
            }
          >
            Custom title mount
          </h2>
        </div>
        <div
          style={
            Object {
              "marginBottom": "1.875rem",
              "marginTop": "1.25rem",
            }
          }
        >
          <span
            className="k-HorizontalStroke k-HorizontalStroke--big"
            style={
              Object {
                "margin": "0 auto",
              }
            }
          />
        </div>
        <form
          onSubmit={[Function]}
        >
          <div
            data-radium={true}
            style={
              Object {
                "marginBottom": "1.875rem",
                "marginTop": "1.875rem",
              }
            }
          >
            <div
              className="k-Grid"
              data-radium={true}
              style={
                Object {
                  "display": "flex",
                  "justifyContent": "center",
                }
              }
            >
              <div
                className="k-Grid__col--12 k-Grid__col--7@xs k-Grid__col--5@m"
              >
                <div
                  data-radium={true}
                  style={
                    Object {
                      "marginBottom": "0.9375rem",
                      "marginTop": null,
                    }
                  }
                >
                  <label
                    className="k-Label k-Label--micro"
                    htmlFor="donation-amount"
                    onClick={[Function]}
                  >
                    Enter your amount
                  </label>
                </div>
                <div
                  data-radium={true}
                  style={
                    Object {
                      "marginBottom": null,
                      "marginTop": "0.9375rem",
                    }
                  }
                >
                  <div
                    className="k-TextInputWithUnit k-TextInputWithUnit--fullWidth"
                  >
                    <input
                      className="k-TextInput k-TextInputWithUnit__input"
                      defaultValue=""
                      disabled={false}
                      id="donation-amount"
                      name="text"
                      onBlur={[Function]}
                      onChange={[Function]}
                      onFocus={[Function]}
                      placeholder="Your amount"
                      type="number"
                    />
                    <span
                      className="k-TextInputWithUnit__unit"
                    >
                      €
                    </span>
                  </div>
                </div>
              </div>
            </div>
          </div>
          <div
            data-radium={true}
            style={
              Object {
                "display": "flex",
                "justifyContent": "center",
                "marginBottom": null,
                "marginTop": null,
              }
            }
          >
            <div
              data-radium={true}
            >
              <button
                aria-label="To contribute"
                className="rmq-2001d403 k-Button k-Button--helium k-Button--big"
                data-radium={true}
                disabled={false}
                onMouseEnter={[Function]}
                onMouseLeave={[Function]}
                style={Object {}}
                tabIndex={null}
                type="submit"
              >
                To contribute
              </button>
              <style
                dangerouslySetInnerHTML={
                  Object {
                    "__html": "@media (max-width: 639px){ .rmq-2001d403{width: 100% !important;}}",
                  }
                }
              />
            </div>
          </div>
        </form>
      </div>
    </div>
  </div>
</div>
`;
