// Jest Snapshot v1, https://goo.gl/fbAQLP

exports[`<DonationCard /> by default matches with snapshot 1`] = `
<div
  amountLabel="Label"
  amountPlaceholder=""
  button="Custom text button"
  currencySymbol="€"
  data-radium={true}
  donationId=""
  errorTag=""
  isError={false}
  onButtonClick={[Function]}
  onButtonMouseEnter={[Function]}
  onButtonMouseLeave={[Function]}
  onInputBlur={[Function]}
  onInputChange={[Function]}
  onInputFocus={[Function]}
  style={
    Object {
      "borderColor": "#eee",
      "borderStyle": "solid",
      "borderWidth": 2,
    }
  }
  textTag="p"
  title="Custom title mount"
  titleTag="h1"
>
  <div
    style={
      Object {
        "marginBottom": "2.5rem",
        "marginTop": "2.5rem",
      }
    }
  >
    <div
      className="k-Grid"
      data-radium={true}
      style={
        Object {
          "paddingLeft": 20,
          "paddingRight": 20,
        }
      }
    >
      <div
        className="k-Grid__col--12 k-Grid__col--10@m k-Grid__col--offset-1@m k-Grid__col--8@l k-Grid__col--offset-2@l"
      >
        <div
          style={
            Object {
              "marginBottom": "1.25rem",
              "marginTop": null,
            }
          }
        >
          <h1
            className="k-Title k-Title--quaternary k-Title--withoutMargin"
            data-radium={true}
            style={
              Object {
                "color": "#222",
                "textAlign": "center",
              }
            }
          >
            Custom title mount
          </h1>
        </div>
        <div
          style={
            Object {
              "marginBottom": "1.875rem",
              "marginTop": "1.25rem",
            }
          }
        >
          <span
            className="k-HorizontalStroke k-HorizontalStroke--big"
            style={
              Object {
                "margin": "0 auto",
              }
            }
          />
        </div>
        <form
          data-radium={true}
          onSubmit={[Function]}
        >
          <div
            style={
              Object {
                "marginBottom": "1.875rem",
                "marginTop": "1.875rem",
              }
            }
          >
            <div
              className="k-Grid"
              data-radium={true}
              style={
                Object {
                  "display": "flex",
                  "justifyContent": "center",
                }
              }
            >
              <div
                className="k-Grid__col--12 k-Grid__col--7@xs k-Grid__col--5@m"
              >
                <div
                  style={
                    Object {
                      "marginBottom": "0.9375rem",
                      "marginTop": null,
                    }
                  }
                >
                  <label
                    className="k-Label k-Label--micro"
                    htmlFor=""
                    onClick={[Function]}
                  >
                    Label
                  </label>
                </div>
                <div
                  style={
                    Object {
                      "marginBottom": null,
                      "marginTop": "0.9375rem",
                    }
                  }
                >
                  <div
                    className="k-TextInputWithUnit k-TextInputWithUnit--fullWidth"
                  >
                    <input
                      className="k-TextInput k-TextInputWithUnit__input"
                      disabled={false}
                      id=""
                      name="text"
                      onBlur={[Function]}
                      onChange={[Function]}
                      onFocus={[Function]}
                      placeholder=""
                      type="number"
                    />
                    <span
                      className="k-TextInputWithUnit__unit"
                    >
                      €
                    </span>
                  </div>
                </div>
              </div>
            </div>
          </div>
          <div
            style={
              Object {
                "display": "flex",
                "justifyContent": "center",
                "marginBottom": null,
                "marginTop": null,
              }
            }
          >
            <button
              aria-label={undefined}
              className="rmq-2001d403 k-Button k-Button--helium k-Button--big"
              data-radium={true}
              disabled={false}
              onClick={[Function]}
              onMouseEnter={[Function]}
              onMouseLeave={[Function]}
              style={Object {}}
              tabIndex={null}
              type="submit"
            />
          </div>
        </form>
      </div>
    </div>
  </div>
  <style
    dangerouslySetInnerHTML={
      Object {
        "__html": "@media (max-width: 639px){ .rmq-2001d403{width: 100% !important;}}",
      }
    }
  />
</div>
`;
