// Jest Snapshot v1, https://goo.gl/fbAQLP

exports[`<BulletList /> should match its empty snapshot 1`] = `
<ul
  className="bullet-list__StyledBulletList-rdyx84-0 eBDmYd"
>
  <li
    className="bullet-list__StyledItem-rdyx84-1 dEbQoF"
    href={null}
  >
    Dis Manibus
  </li>
  <li
    className="bullet-list__StyledItem-rdyx84-1 dEbQoF"
    href={null}
  >
    Calpurnia Felicla
  </li>
  <li
    className="bullet-list__StyledItem-rdyx84-1 dEbQoF"
    href={null}
  >
    Germulio coniugi
  </li>
</ul>
`;
