// Jest Snapshot v1, https://goo.gl/fbAQLP

exports[`<DonationCard /> by default matches with snapshot 1`] = `
<div
  className="sc-iwsKbI iOQYwX"
>
  <div
    className="sc-bdVaJa fdLNbY"
  >
    <div
      className="k-Grid sc-gZMcBi bbWrzm"
    >
      <div
        className="k-Grid__col--12 k-Grid__col--10@m k-Grid__col--offset-1@m k-Grid__col--8@l k-Grid__col--offset-2@l"
      >
        <div
          className="sc-bdVaJa bwDdrh"
        >
          <h2
            className="sc-bwzfXH gWcALb sc-gqjmRU fvSujs"
          >
            Custom title mount
          </h2>
        </div>
        <div
          className="sc-bdVaJa iDiPml"
        >
          <div
            className="sc-htpNat tODhy k-HorizontalStroke sc-VigVT bjpEBD k-HorizontalStroke--size--big"
            color="#222"
            style={
              Object {
                "height": null,
                "width": null,
              }
            }
          />
        </div>
        <form
          className="sc-dnqmqq coLjZr"
          onSubmit={[Function]}
        >
          <div
            className="k-Grid k-Form-TextInputWithUnitForm__grid k-Form-TextInputWithUnitForm__grid--center k-u-margin-top-triple k-u-margin-bottom-triple"
          >
            <div
              className="k-Grid__col--12 k-Grid__col--7@xs k-Grid__col--5@m"
            >
              <div
                className="sc-bdVaJa eGDgJX"
              >
                <label
                  className="k-Label k-Label--micro"
                  htmlFor="donation-amount"
                  onClick={[Function]}
                >
                  Enter your amount
                </label>
              </div>
              <div
                className="sc-bdVaJa chkwVs"
              >
                <div
                  className="sc-EHOje eLUeFO k-Form-TextInputWithUnit"
                >
                  <input
                    autoComplete="off"
                    className="sc-bxivhb eQDLnZ k-Form-TextInput k-Form-TextInputWithUnit__input k-Form-TextInput--andromeda"
                    defaultValue=""
                    disabled={false}
                    id="donation-amount"
                    name="text"
                    onBlur={[Function]}
                    onChange={[Function]}
                    onFocus={[Function]}
                    placeholder="Your amount"
                    type="number"
                  />
                  <span
                    className="k-Form-TextInputWithUnit__unit"
                  >
                    €
                  </span>
                </div>
              </div>
            </div>
          </div>
          <div
            className="k-Grid"
          >
            <div
              className="k-Grid__col--12 k-u-align-center"
            >
              <button
                className="sc-gzVnrw gXqVkF k-Form-TextInputWithUnitForm__submit k-Form-TextInputWithUnitForm__grid--default"
                disabled={false}
                onMouseEnter={[Function]}
                onMouseLeave={[Function]}
                type="submit"
              >
                To contribute
              </button>
            </div>
          </div>
        </form>
      </div>
    </div>
  </div>
</div>
`;
