// Jest Snapshot v1, https://goo.gl/fbAQLP

exports[`<DonationCard /> by default matches with snapshot 1`] = `
<div
  className="sc-fznKkj dSkfyj"
>
  <div
    className="sc-AxjAm ekdWbF"
  >
    <div
      className="k-Grid sc-fznZeY lkxUPj"
    >
      <div
        className="k-Grid__col--12 k-Grid__col--10@m k-Grid__col--offset-1@m k-Grid__col--8@l k-Grid__col--offset-2@l"
      >
        <div
          className="sc-AxjAm jidNFm"
        >
          <h2
            className="sc-AxirZ gfKAtd sc-fzokOt rpQiv"
          >
            Custom title mount
          </h2>
        </div>
        <div
          className="sc-AxjAm ccCISE"
        >
          <div
            className="sc-AxiKw eCNdJc k-HorizontalStroke sc-fzqBZW jlHITg k-HorizontalStroke--size--big"
            color="#222"
            style={
              Object {
                "height": null,
                "width": null,
              }
            }
          />
        </div>
        <form
          className="sc-fzpans eRDGDt"
          onSubmit={[Function]}
        >
          <div
            className="sc-AxjAm dxeZJh"
          >
            <div
              className="k-Grid sc-fzplWN dLksUL"
            >
              <div
                className="k-Grid__col--12 k-Grid__col--7@xs k-Grid__col--5@m"
              >
                <div
                  className="sc-AxjAm fKOaOg"
                >
                  <label
                    className="k-Label k-Label--micro"
                    htmlFor="donation-amount"
                    onClick={[Function]}
                  >
                    Enter your amount
                  </label>
                </div>
                <div
                  className="sc-AxjAm dxQDWs"
                >
                  <div
                    className="sc-Axmtr lhrWOh"
                  >
                    <input
                      autoComplete="off"
                      className="sc-AxhUy dsdvxU sc-AxmLO ksijGU"
                      defaultValue=""
                      disabled={false}
                      id="donation-amount"
                      name="text"
                      onBlur={[Function]}
                      onChange={[Function]}
                      onFocus={[Function]}
                      placeholder="Your amount"
                      type="number"
                    />
                    <span
                      className="sc-fzozJi lbLpMl"
                      disabled={false}
                    >
                      €
                    </span>
                  </div>
                </div>
              </div>
            </div>
          </div>
          <div
            className="k-Grid sc-fzplWN dLksUL"
          >
            <button
              aria-label="To contribute"
              className="k-Button k-Button--helium k-Button--big sc-fznyAO cDhWmD"
              disabled={false}
              onMouseEnter={[Function]}
              onMouseLeave={[Function]}
              tabIndex={null}
              type="submit"
            >
              To contribute
            </button>
          </div>
        </form>
      </div>
    </div>
  </div>
</div>
`;
