// Jest Snapshot v1, https://goo.gl/fbAQLP

exports[`<EmbedPlayer /> with some props matches with snapshot 1`] = `
<div
  className="embed-player__StyledEmbedPlayer-qcergd-0 hewvma"
  onClick={[Function]}
  onFocus={[Function]}
  onKeyPress={[Function]}
  role="button"
  style={Object {}}
  tabIndex={0}
>
  <div
    className="EmbedPlayer__playerPreview"
  >
    <div
      className="EmbedPlayer__playerButton"
    >
      <span
        aria-label="Play"
        className="k-u-size-default k-u-weight-regular"
      >
        ►
      </span>
    </div>
    <img
      alt="Une image"
      className="EmbedPlayer__thumbnail "
      src="https://placehold.it/620x376/caf4fe/caf4fe"
    />
  </div>
</div>
`;
