// Jest Snapshot v1, https://goo.gl/fbAQLP

exports[`<CounterBlock /> with default props matches with snapshot 1`] = `
<div
  className="counter-block__Container-dpxp7s-0 iAgYYc"
>
  <div
    className="marger__StyledMarger-q3lecu-0 dZaGay"
  >
    <p
      className="title__StyledTitle-sc-46lshq-0 hKBgXh"
    >
      foo
    </p>
  </div>
  <div
    className="counter-block__FlexContainer-dpxp7s-1 jiRIRa"
  >
    <div
      className="counter-block__StrokeContainer-dpxp7s-2 lhhVum k-u-hidden@m-down"
    >
      <span
        className="horizontal-stroke__StyledHorizontalStroke-sc-15k7x5m-0 gPtwkN styledStroke"
      />
    </div>
    <p
      className="k-u-style-italic k-u-weight-bold styledText"
    >
      13 106
    </p>
    <div
      className="counter-block__StrokeContainer-dpxp7s-2 lhhVum k-u-hidden@m-down"
    >
      <span
        className="horizontal-stroke__StyledHorizontalStroke-sc-15k7x5m-0 gPtwkN styledStroke"
      />
    </div>
  </div>
  <div
    className="marger__StyledMarger-q3lecu-0 gipxTe"
  >
    <p
      className="k-u-size-huge k-u-style-italic styledSubTitle"
    >
      bar
    </p>
  </div>
</div>
`;
