// Jest Snapshot v1, https://goo.gl/fbAQLP

exports[`<InfoLines /> should match its empty snapshot 1`] = `
<div
  className="info-lines__StyledInfoLines-sc-1tjj1rx-0 hmFxhJ"
>
  <div
    className="info-lines__StyledLine-sc-1tjj1rx-1 fkIqjP"
  >
    <span
      className="k-u-color-font1 k-u-line-height-normal k-u-size-default k-u-weight-light info-lines__StyledKey-sc-1tjj1rx-2 jyphAu"
    >
      Lorem
    </span>
    <span
      className="k-u-color-font1 k-u-line-height-normal k-u-size-default k-u-weight-light"
    >
      Ipsum
    </span>
  </div>
  <div
    className="info-lines__StyledLine-sc-1tjj1rx-1 fkIqjP"
  >
    <span
      className="k-u-color-font1 k-u-line-height-normal k-u-size-default k-u-weight-light info-lines__StyledKey-sc-1tjj1rx-2 jyphAu"
    >
      Dolor
    </span>
    <span
      className="k-u-color-font1 k-u-line-height-normal k-u-size-default k-u-weight-light"
    >
      Sit amet
    </span>
  </div>
</div>
`;
