// Jest Snapshot v1, https://goo.gl/fbAQLP

exports[`<PartnerCard /> by default matches with snapshot 1`] = `
<div
  className="sc-gsnTZi hVAcRK"
>
  <div
    className="k-PartnerCard__image"
  >
    <img
      alt="image alt"
      className="k-PartnerCard__image__image"
      src="kitten.jpg"
    />
  </div>
  <div
    className="k-PartnerCard__content"
  >
    <div
      className="k-PartnerCard__avatar"
    >
      <img
        alt="image alt"
        src="kitten.jpg"
      />
    </div>
    <div
      className="k-PartnerCard__line"
    >
      <span
        className="k-u-size-small k-u-weight-500"
        style={Object {}}
      >
        Les Jeunes Pousses méritent tout notre soutien : Naturalia s’engage dans le développement de votre produit bio.
      </span>
      <div
        className="k-PartnerCard__sticker"
      >
        <span
          className="sc-bczRLJ bKqmxm k-Tag k-u-margin-bottom-double k-u-margin-top-double k-u-ellipsis k-Tag--disabled k-Tag--medium k-Tag--status"
        >
          Citoyenneté
        </span>
      </div>
      <p
        className="k-u-size-small k-u-weight-700 k-u-link-font1 k-u-cursor-pointer k-u-margin-none"
        style={Object {}}
      >
        En savoir plus
      </p>
    </div>
  </div>
</div>
`;
